
Running 1 test using 1 worker

BROWSER LOG: [vite] connecting...
BROWSER LOG: [vite] connected.
BROWSER ERROR: [Error [SyntaxError]: The requested module '/src/data.ts?t=1767794226636' does not provide an export named 'formatDateLabel']
BROWSER LOG: SW registered: http://localhost:5173/
  Γ£ÿ  1 [chromium] ΓÇ║ tests\activity_dashboard.spec.js:3:1 ΓÇ║ verify activity dashboard button and view (5.9s)


  1) [chromium] ΓÇ║ tests\activity_dashboard.spec.js:3:1 ΓÇ║ verify activity dashboard button and view ΓöÇ

    Error: [2mexpect([22m[31mlocator[39m[2m).[22mtoBeVisible[2m([22m[2m)[22m failed

    Locator: locator('.activity-dashboard')
    Expected: visible
    Timeout: 5000ms
    Error: element(s) not found

    Call log:
    [2m  - Expect "toBeVisible" with timeout 5000ms[22m
    [2m  - waiting for locator('.activity-dashboard')[22m


      19 |     // Verify dashboard visual elements
      20 |     const dashboard = page.locator('.activity-dashboard');
    > 21 |     await expect(dashboard).toBeVisible();
         |                             ^
      22 |
      23 |     // Check for header
      24 |     const header = page.locator('.activity-header h2');
        at C:\Users\njyti\Desktop\gemini 3 games\chinese-tingxie\tests\activity_dashboard.spec.js:21:29

    Error Context: test-results\activity_dashboard-verify-activity-dashboard-button-and-view-chromium\error-context.md

  1 failed
    [chromium] ΓÇ║ tests\activity_dashboard.spec.js:3:1 ΓÇ║ verify activity dashboard button and view ΓöÇΓöÇ
